Archive member included to satisfy reference by file (symbol)

c:/ti/msp430-gcc/bin/../lib/gcc/msp430-elf/9.3.1\libgcc.a(lib2divHI.o)
                              C:\Users\marce\Documents\GitHub\ILI9341_MSP430FR2433_DriverLib_Example\driverlib\MSP430FR2xx_4xx\cs.o (__mspabi_divi)
c:/ti/msp430-gcc/bin/../lib/gcc/msp430-elf/9.3.1\libgcc.a(lib2divSI.o)
                              C:\Users\marce\Documents\GitHub\ILI9341_MSP430FR2433_DriverLib_Example\driverlib\MSP430FR2xx_4xx\cs.o (__mspabi_divul)
c:/ti/msp430-gcc/bin/../lib/gcc/msp430-elf/9.3.1\libgcc.a(slli.o)
                              C:\Users\marce\Documents\GitHub\ILI9341_MSP430FR2433_DriverLib_Example\driverlib\MSP430FR2xx_4xx\adc.o (__mspabi_slli)
c:/ti/msp430-gcc/bin/../lib/gcc/msp430-elf/9.3.1\libgcc.a(srai.o)
                              C:\Users\marce\Documents\GitHub\ILI9341_MSP430FR2433_DriverLib_Example\LcdIf\LcdIf.o (__mspabi_srai)
c:/ti/msp430-gcc/bin/../lib/gcc/msp430-elf/9.3.1\libgcc.a(srli.o)
                              C:\Users\marce\Documents\GitHub\ILI9341_MSP430FR2433_DriverLib_Example\driverlib\MSP430FR2xx_4xx\mpy32.o (__mspabi_srlll)
c:/ti/msp430-gcc/bin/../lib/gcc/msp430-elf/9.3.1\libgcc.a(_udivdi3.o)
                              c:/ti/msp430-gcc/bin/../lib/gcc/msp430-elf/9.3.1\libgcc.a(lib2divSI.o) (__mspabi_divull)
c:/ti/msp430-gcc/bin/../lib/gcc/msp430-elf/9.3.1\libgcc.a(_clzdi2.o)
                              c:/ti/msp430-gcc/bin/../lib/gcc/msp430-elf/9.3.1\libgcc.a(_udivdi3.o) (__clzdi2)
c:/ti/msp430-gcc/bin/../lib/gcc/msp430-elf/9.3.1\libgcc.a(_clz.o)
                              c:/ti/msp430-gcc/bin/../lib/gcc/msp430-elf/9.3.1\libgcc.a(_clzdi2.o) (__clz_tab)
c:/ti/msp430-gcc/bin/../lib/gcc/msp430-elf/9.3.1\libmul_f5.a(lib2hw_mul_f5.o)
                              C:\Users\marce\Documents\GitHub\ILI9341_MSP430FR2433_DriverLib_Example\driverlib\MSP430FR2xx_4xx\cs.o (__mspabi_mpyl_f5hw)
c:/ti/msp430-gcc/bin/../lib/gcc/msp430-elf/9.3.1/../../../../msp430-elf/lib\libcrt.a(crt_bss.o)
                              C:\Users\marce\Documents\GitHub\ILI9341_MSP430FR2433_DriverLib_Example\driverlib\MSP430FR2xx_4xx\cs.o (__crt0_init_bss)
c:/ti/msp430-gcc/bin/../lib/gcc/msp430-elf/9.3.1/../../../../msp430-elf/lib\libcrt.a(crt_main.o)
                              c:/ti/msp430-gcc/bin/../lib/gcc/msp430-elf/9.3.1/../../../../msp430-elf/lib/crt0.o (__crt0_call_main)
c:/ti/msp430-gcc/bin/../lib/gcc/msp430-elf/9.3.1/../../../../msp430-elf/lib\libcrt.a(crt_callexit.o)
                              C:\Users\marce\Documents\GitHub\ILI9341_MSP430FR2433_DriverLib_Example\main.o (__crt0_call_exit)
c:/ti/msp430-gcc/bin/../lib/gcc/msp430-elf/9.3.1/../../../../msp430-elf/lib\libnosys.a(exit.o)
                              c:/ti/msp430-gcc/bin/../lib/gcc/msp430-elf/9.3.1/../../../../msp430-elf/lib\libcrt.a(crt_callexit.o) (_exit)
c:/ti/msp430-gcc/bin/../lib/gcc/msp430-elf/9.3.1/../../../../msp430-elf/lib\libc.a(lib_a-memset.o)
                              c:/ti/msp430-gcc/bin/../lib/gcc/msp430-elf/9.3.1/../../../../msp430-elf/lib\libcrt.a(crt_bss.o) (memset)

Discarded input sections

 .text          0x00000000        0x0 c:/ti/msp430-gcc/bin/../lib/gcc/msp430-elf/9.3.1/../../../../msp430-elf/lib/crt0.o
 .data          0x00000000        0x0 c:/ti/msp430-gcc/bin/../lib/gcc/msp430-elf/9.3.1/../../../../msp430-elf/lib/crt0.o
 .bss           0x00000000        0x0 c:/ti/msp430-gcc/bin/../lib/gcc/msp430-elf/9.3.1/../../../../msp430-elf/lib/crt0.o
 .text          0x00000000        0x0 c:/ti/msp430-gcc/bin/../lib/gcc/msp430-elf/9.3.1/crtbegin_no_eh.o
 .data          0x00000000        0x0 c:/ti/msp430-gcc/bin/../lib/gcc/msp430-elf/9.3.1/crtbegin_no_eh.o
 .bss           0x00000000        0x0 c:/ti/msp430-gcc/bin/../lib/gcc/msp430-elf/9.3.1/crtbegin_no_eh.o
 .comment       0x00000000       0x3a c:/ti/msp430-gcc/bin/../lib/gcc/msp430-elf/9.3.1/crtbegin_no_eh.o
 .data          0x00000000        0x0 C:\Users\marce\Documents\GitHub\ILI9341_MSP430FR2433_DriverLib_Example\main.o
 .bss           0x00000000        0x0 C:\Users\marce\Documents\GitHub\ILI9341_MSP430FR2433_DriverLib_Example\main.o
 .data          0x00000000        0x0 C:\Users\marce\Documents\GitHub\ILI9341_MSP430FR2433_DriverLib_Example\common\delay.o
 .bss           0x00000000        0x0 C:\Users\marce\Documents\GitHub\ILI9341_MSP430FR2433_DriverLib_Example\common\delay.o
 .text          0x00000000      0x138 C:\Users\marce\Documents\GitHub\ILI9341_MSP430FR2433_DriverLib_Example\driverlib\MSP430FR2xx_4xx\adc.o
 .data          0x00000000        0x0 C:\Users\marce\Documents\GitHub\ILI9341_MSP430FR2433_DriverLib_Example\driverlib\MSP430FR2xx_4xx\adc.o
 .bss           0x00000000        0x0 C:\Users\marce\Documents\GitHub\ILI9341_MSP430FR2433_DriverLib_Example\driverlib\MSP430FR2xx_4xx\adc.o
 .debug_frame   0x00000000      0x180 C:\Users\marce\Documents\GitHub\ILI9341_MSP430FR2433_DriverLib_Example\driverlib\MSP430FR2xx_4xx\adc.o
[...]
Memory Configuration

Name             Origin             Length             Attributes
SFR              0x00000000         0x00000010
BSL              0x00001000         0x00000800
RAM              0x00002000         0x00001000
INFOMEM          0x00001800         0x00000200
INFOA            0x00001800         0x00000200
FRAM             0x0000c400         0x00003b80         xr
JTAGSIGNATURE    0x0000ff80         0x00000004
BSLSIGNATURE     0x0000ff84         0x00000004
VECT1            0x0000ff88         0x00000002
VECT2            0x0000ff8a         0x00000002
VECT3            0x0000ff8c         0x00000002
VECT4            0x0000ff8e         0x00000002
VECT5            0x0000ff90         0x00000002
VECT6            0x0000ff92         0x00000002
VECT7            0x0000ff94         0x00000002
VECT8            0x0000ff96         0x00000002
VECT9            0x0000ff98         0x00000002
VECT10           0x0000ff9a         0x00000002
VECT11           0x0000ff9c         0x00000002
VECT12           0x0000ff9e         0x00000002
VECT13           0x0000ffa0         0x00000002
VECT14           0x0000ffa2         0x00000002
VECT15           0x0000ffa4         0x00000002
VECT16           0x0000ffa6         0x00000002
VECT17           0x0000ffa8         0x00000002
VECT18           0x0000ffaa         0x00000002
VECT19           0x0000ffac         0x00000002
VECT20           0x0000ffae         0x00000002
VECT21           0x0000ffb0         0x00000002
VECT22           0x0000ffb2         0x00000002
VECT23           0x0000ffb4         0x00000002
VECT24           0x0000ffb6         0x00000002
VECT25           0x0000ffb8         0x00000002
VECT26           0x0000ffba         0x00000002
VECT27           0x0000ffbc         0x00000002
VECT28           0x0000ffbe         0x00000002
VECT29           0x0000ffc0         0x00000002
VECT30           0x0000ffc2         0x00000002
VECT31           0x0000ffc4         0x00000002
VECT32           0x0000ffc6         0x00000002
VECT33           0x0000ffc8         0x00000002
VECT34           0x0000ffca         0x00000002
VECT35           0x0000ffcc         0x00000002
VECT36           0x0000ffce         0x00000002
VECT37           0x0000ffd0         0x00000002
VECT38           0x0000ffd2         0x00000002
VECT39           0x0000ffd4         0x00000002
VECT40           0x0000ffd6         0x00000002
VECT41           0x0000ffd8         0x00000002
VECT42           0x0000ffda         0x00000002
VECT43           0x0000ffdc         0x00000002
VECT44           0x0000ffde         0x00000002
VECT45           0x0000ffe0         0x00000002
VECT46           0x0000ffe2         0x00000002
VECT47           0x0000ffe4         0x00000002
VECT48           0x0000ffe6         0x00000002
VECT49           0x0000ffe8         0x00000002
VECT50           0x0000ffea         0x00000002
VECT51           0x0000ffec         0x00000002
VECT52           0x0000ffee         0x00000002
VECT53           0x0000fff0         0x00000002
VECT54           0x0000fff2         0x00000002
VECT55           0x0000fff4         0x00000002
VECT56           0x0000fff6         0x00000002
VECT57           0x0000fff8         0x00000002
VECT58           0x0000fffa         0x00000002
VECT59           0x0000fffc         0x00000002
RESETVEC         0x0000fffe         0x00000002
*default*        0x00000000         0xffffffff

Linker script and memory map

LOAD c:/ti/msp430-gcc/bin/../lib/gcc/msp430-elf/9.3.1/../../../../msp430-elf/lib/crt0.o
LOAD c:/ti/msp430-gcc/bin/../lib/gcc/msp430-elf/9.3.1/crtbegin_no_eh.o
LOAD C:\Users\marce\Documents\GitHub\ILI9341_MSP430FR2433_DriverLib_Example\main.o
LOAD C:\Users\marce\Documents\GitHub\ILI9341_MSP430FR2433_DriverLib_Example\common\delay.o
LOAD C:\Users\marce\Documents\GitHub\ILI9341_MSP430FR2433_DriverLib_Example\driverlib\MSP430FR2xx_4xx\adc.o
LOAD C:\Users\marce\Documents\GitHub\ILI9341_MSP430FR2433_DriverLib_Example\driverlib\MSP430FR2xx_4xx\crc.o
LOAD C:\Users\marce\Documents\GitHub\ILI9341_MSP430FR2433_DriverLib_Example\driverlib\MSP430FR2xx_4xx\cs.o
LOAD C:\Users\marce\Documents\GitHub\ILI9341_MSP430FR2433_DriverLib_Example\driverlib\MSP430FR2xx_4xx\ecomp.o
LOAD C:\Users\marce\Documents\GitHub\ILI9341_MSP430FR2433_DriverLib_Example\driverlib\MSP430FR2xx_4xx\eusci_a_spi.o
LOAD C:\Users\marce\Documents\GitHub\ILI9341_MSP430FR2433_DriverLib_Example\driverlib\MSP430FR2xx_4xx\eusci_a_uart.o
LOAD C:\Users\marce\Documents\GitHub\ILI9341_MSP430FR2433_DriverLib_Example\driverlib\MSP430FR2xx_4xx\eusci_b_i2c.o
LOAD C:\Users\marce\Documents\GitHub\ILI9341_MSP430FR2433_DriverLib_Example\driverlib\MSP430FR2xx_4xx\eusci_b_spi.o
LOAD C:\Users\marce\Documents\GitHub\ILI9341_MSP430FR2433_DriverLib_Example\driverlib\MSP430FR2xx_4xx\framctl.o
LOAD C:\Users\marce\Documents\GitHub\ILI9341_MSP430FR2433_DriverLib_Example\driverlib\MSP430FR2xx_4xx\gpio.o
LOAD C:\Users\marce\Documents\GitHub\ILI9341_MSP430FR2433_DriverLib_Example\driverlib\MSP430FR2xx_4xx\icc.o
LOAD C:\Users\marce\Documents\GitHub\ILI9341_MSP430FR2433_DriverLib_Example\driverlib\MSP430FR2xx_4xx\lcd_e.o
LOAD C:\Users\marce\Documents\GitHub\ILI9341_MSP430FR2433_DriverLib_Example\driverlib\MSP430FR2xx_4xx\mpy32.o
LOAD C:\Users\marce\Documents\GitHub\ILI9341_MSP430FR2433_DriverLib_Example\driverlib\MSP430FR2xx_4xx\pmm.o
LOAD C:\Users\marce\Documents\GitHub\ILI9341_MSP430FR2433_DriverLib_Example\driverlib\MSP430FR2xx_4xx\rtc.o
LOAD C:\Users\marce\Documents\GitHub\ILI9341_MSP430FR2433_DriverLib_Example\driverlib\MSP430FR2xx_4xx\sac.o
LOAD C:\Users\marce\Documents\GitHub\ILI9341_MSP430FR2433_DriverLib_Example\driverlib\MSP430FR2xx_4xx\sfr.o
LOAD C:\Users\marce\Documents\GitHub\ILI9341_MSP430FR2433_DriverLib_Example\driverlib\MSP430FR2xx_4xx\sysctl.o
LOAD C:\Users\marce\Documents\GitHub\ILI9341_MSP430FR2433_DriverLib_Example\driverlib\MSP430FR2xx_4xx\tia.o
LOAD C:\Users\marce\Documents\GitHub\ILI9341_MSP430FR2433_DriverLib_Example\driverlib\MSP430FR2xx_4xx\timer_a.o
LOAD C:\Users\marce\Documents\GitHub\ILI9341_MSP430FR2433_DriverLib_Example\driverlib\MSP430FR2xx_4xx\timer_b.o
LOAD C:\Users\marce\Documents\GitHub\ILI9341_MSP430FR2433_DriverLib_Example\driverlib\MSP430FR2xx_4xx\tlv.o
LOAD C:\Users\marce\Documents\GitHub\ILI9341_MSP430FR2433_DriverLib_Example\driverlib\MSP430FR2xx_4xx\wdt_a.o
LOAD C:\Users\marce\Documents\GitHub\ILI9341_MSP430FR2433_DriverLib_Example\LcdIf\LcdIf.o
LOAD c:/ti/msp430-gcc/bin/../lib/gcc/msp430-elf/9.3.1\libgcc.a
START GROUP
LOAD c:/ti/msp430-gcc/bin/../lib/gcc/msp430-elf/9.3.1\libmul_f5.a
LOAD c:/ti/msp430-gcc/bin/../lib/gcc/msp430-elf/9.3.1/../../../../msp430-elf/lib\libc.a
LOAD c:/ti/msp430-gcc/bin/../lib/gcc/msp430-elf/9.3.1\libgcc.a
LOAD c:/ti/msp430-gcc/bin/../lib/gcc/msp430-elf/9.3.1/../../../../msp430-elf/lib\libcrt.a
LOAD c:/ti/msp430-gcc/bin/../lib/gcc/msp430-elf/9.3.1/../../../../msp430-elf/lib\libnosys.a
END GROUP

.jtagsignature

.bslsignature

__interrupt_vector_1
 *(__interrupt_vector_1)

__interrupt_vector_2
 *(__interrupt_vector_2)

__interrupt_vector_3
 *(__interrupt_vector_3)

__interrupt_vector_4
 *(__interrupt_vector_4)

__interrupt_vector_5
 *(__interrupt_vector_5)

__interrupt_vector_6
 *(__interrupt_vector_6)

__interrupt_vector_7
 *(__interrupt_vector_7)

__interrupt_vector_8
 *(__interrupt_vector_8)

__interrupt_vector_9
 *(__interrupt_vector_9)

__interrupt_vector_10
 *(__interrupt_vector_10)

__interrupt_vector_11
 *(__interrupt_vector_11)

__interrupt_vector_12
 *(__interrupt_vector_12)

__interrupt_vector_13
 *(__interrupt_vector_13)

__interrupt_vector_14
 *(__interrupt_vector_14)

__interrupt_vector_15
 *(__interrupt_vector_15)

__interrupt_vector_16
 *(__interrupt_vector_16)

__interrupt_vector_17
 *(__interrupt_vector_17)

__interrupt_vector_18
 *(__interrupt_vector_18)

__interrupt_vector_19
 *(__interrupt_vector_19)

__interrupt_vector_20
 *(__interrupt_vector_20)

__interrupt_vector_21
 *(__interrupt_vector_21)

__interrupt_vector_22
 *(__interrupt_vector_22)

__interrupt_vector_23
 *(__interrupt_vector_23)

__interrupt_vector_24
 *(__interrupt_vector_24)

__interrupt_vector_25
 *(__interrupt_vector_25)

__interrupt_vector_26
 *(__interrupt_vector_26)

__interrupt_vector_27
 *(__interrupt_vector_27)

__interrupt_vector_28
 *(__interrupt_vector_28)

__interrupt_vector_29
 *(__interrupt_vector_29)

__interrupt_vector_30
 *(__interrupt_vector_30)

__interrupt_vector_31
 *(__interrupt_vector_31)

__interrupt_vector_32
 *(__interrupt_vector_32)

__interrupt_vector_33
 *(__interrupt_vector_33)

__interrupt_vector_34
 *(__interrupt_vector_34)

__interrupt_vector_35
 *(__interrupt_vector_35)

__interrupt_vector_36
 *(__interrupt_vector_36)

__interrupt_vector_37
 *(__interrupt_vector_37)

__interrupt_vector_38
 *(__interrupt_vector_38)

__interrupt_vector_39
 *(__interrupt_vector_39)

__interrupt_vector_40
 *(__interrupt_vector_40)

__interrupt_vector_41
 *(__interrupt_vector_41)

__interrupt_vector_42
 *(__interrupt_vector_42)
 *(__interrupt_vector_port2)

__interrupt_vector_43
 *(__interrupt_vector_43)
 *(__interrupt_vector_port1)

__interrupt_vector_44
 *(__interrupt_vector_44)
 *(__interrupt_vector_adc)

__interrupt_vector_45
 *(__interrupt_vector_45)
 *(__interrupt_vector_usci_b0)

__interrupt_vector_46
 *(__interrupt_vector_46)
 *(__interrupt_vector_usci_a1)

__interrupt_vector_47
 *(__interrupt_vector_47)
 *(__interrupt_vector_usci_a0)

__interrupt_vector_48
 *(__interrupt_vector_48)
 *(__interrupt_vector_wdt)

__interrupt_vector_49
 *(__interrupt_vector_49)
 *(__interrupt_vector_rtc)

__interrupt_vector_50
 *(__interrupt_vector_50)
 *(__interrupt_vector_timer3_a1)

__interrupt_vector_51
 *(__interrupt_vector_51)
 *(__interrupt_vector_timer3_a0)

__interrupt_vector_52
 *(__interrupt_vector_52)
 *(__interrupt_vector_timer2_a1)

__interrupt_vector_53
 *(__interrupt_vector_53)
 *(__interrupt_vector_timer2_a0)

__interrupt_vector_54
 *(__interrupt_vector_54)
 *(__interrupt_vector_timer1_a1)

__interrupt_vector_55
 *(__interrupt_vector_55)
 *(__interrupt_vector_timer1_a0)

__interrupt_vector_56
 *(__interrupt_vector_56)
 *(__interrupt_vector_timer0_a1)

__interrupt_vector_57
 *(__interrupt_vector_57)
 *(__interrupt_vector_timer0_a0)

__interrupt_vector_58
 *(__interrupt_vector_58)
 *(__interrupt_vector_unmi)

__interrupt_vector_59
 *(__interrupt_vector_59)
 *(__interrupt_vector_sysnmi)

__reset_vector  0x0000fffe        0x2
 *(__interrupt_vector_60)
 *(__interrupt_vector_reset)
 *(.resetvec)
 .resetvec      0x0000fffe        0x2 c:/ti/msp430-gcc/bin/../lib/gcc/msp430-elf/9.3.1/../../../../msp430-elf/lib/crt0.o

.rodata         0x0000c400      0x346
                0x0000c400                . = ALIGN (0x2)
 *(.plt)
 *(.rodata .rodata.* .gnu.linkonce.r.* .const .const:*)
 .rodata.str1.1
                0x0000c400       0xa9 C:\Users\marce\Documents\GitHub\ILI9341_MSP430FR2433_DriverLib_Example\main.o
 *fill*         0x0000c4a9        0x1 
 .rodata        0x0000c4aa       0x1c C:\Users\marce\Documents\GitHub\ILI9341_MSP430FR2433_DriverLib_Example\driverlib\MSP430FR2xx_4xx\gpio.o
 .rodata        0x0000c4c6      0x280 C:\Users\marce\Documents\GitHub\ILI9341_MSP430FR2433_DriverLib_Example\LcdIf\LcdIf.o
                0x0000c4c6                ascii_table
 *(.rodata1)
 *(.gcc_except_table)
 *(.gcc_except_table.*)

.rodata2        0x0000c746       0x62
                0x0000c746                . = ALIGN (0x2)
                [!provide]                PROVIDE (__preinit_array_start = .)
 *(.preinit_array)
                [!provide]                PROVIDE (__preinit_array_end = .)
                0x0000c746                . = ALIGN (0x2)
                [!provide]                PROVIDE (__init_array_start = .)
 *(SORT_BY_NAME(.init_array.*))
 *(.init_array)
                [!provide]                PROVIDE (__init_array_end = .)
                0x0000c746                . = ALIGN (0x2)
                [!provide]                PROVIDE (__fini_array_start = .)
 *(.fini_array)
 *(SORT_BY_NAME(.fini_array.*))
                [!provide]                PROVIDE (__fini_array_end = .)
                0x0000c746                . = ALIGN (0x2)
 *(.eh_frame_hdr)
 *(.eh_frame)
 .eh_frame      0x0000c746       0x62 c:/ti/msp430-gcc/bin/../lib/gcc/msp430-elf/9.3.1\libgcc.a(_udivdi3.o)
 *crtbegin*.o(.ctors)
 *(EXCLUDE_FILE(*crtend*.o) .ctors)
 *(SORT_BY_NAME(.ctors.*))
 *(.ctors)
 *crtbegin*.o(.dtors)
 *(EXCLUDE_FILE(*crtend*.o) .dtors)
 *(SORT_BY_NAME(.dtors.*))
 *(.dtors)

.persistent     0x0000c7a8        0x0
                0x0000c7a8                . = ALIGN (0x2)
                [!provide]                PROVIDE (__persistent_start = .)
 *(.persistent)
                0x0000c7a8                . = ALIGN (0x2)
                [!provide]                PROVIDE (__persistent_end = .)

.text           0x0000c7a8     0x1a58
                0x0000c7a8                . = ALIGN (0x2)
                0x0000c7a8                PROVIDE (_start = .)
 *(SORT_BY_NAME(.crt_*))
 .crt_0000start
                0x0000c7a8        0x4 c:/ti/msp430-gcc/bin/../lib/gcc/msp430-elf/9.3.1/../../../../msp430-elf/lib/crt0.o
                0x0000c7a8                __crt0_start
 .crt_0100init_bss
                0x0000c7ac        0xe c:/ti/msp430-gcc/bin/../lib/gcc/msp430-elf/9.3.1/../../../../msp430-elf/lib\libcrt.a(crt_bss.o)
                0x0000c7ac                __crt0_init_bss
 .crt_0800call_main
                0x0000c7ba        0x6 c:/ti/msp430-gcc/bin/../lib/gcc/msp430-elf/9.3.1/../../../../msp430-elf/lib\libcrt.a(crt_main.o)
                0x0000c7ba                __crt0_call_main
 .crt_0900call_exit
                0x0000c7c0        0x4 c:/ti/msp430-gcc/bin/../lib/gcc/msp430-elf/9.3.1/../../../../msp430-elf/lib\libcrt.a(crt_callexit.o)
                0x0000c7c0                __crt0_call_exit
 *(.lowtext .text .stub .text.* .gnu.linkonce.t.* .text:*)
 .text          0x0000c7c4      0x358 C:\Users\marce\Documents\GitHub\ILI9341_MSP430FR2433_DriverLib_Example\main.o
                0x0000c7c4                CS_Init
                0x0000c802                GPIO_Init
                0x0000c85e                SPI_Init
                0x0000c8ee                main
                0x0000cb04                USCI_A1_ISR
 .text          0x0000cb1c       0x50 C:\Users\marce\Documents\GitHub\ILI9341_MSP430FR2433_DriverLib_Example\common\delay.o
                0x0000cb1c                delayMilliseconds
                0x0000cb44                delayMicroseconds
 .text          0x0000cb6c      0x96e C:\Users\marce\Documents\GitHub\ILI9341_MSP430FR2433_DriverLib_Example\driverlib\MSP430FR2xx_4xx\cs.o
                0x0000ceb8                CS_setExternalClockSource
                0x0000cec2                CS_initClockSignal
                0x0000cf9a                CS_turnOnXT1LF
                0x0000cfd0                CS_bypassXT1
                0x0000cff2                CS_turnOnXT1LFWithTimeout
                0x0000d03a                CS_bypassXT1WithTimeout
                0x0000d06e                CS_turnOffXT1
                0x0000d074                CS_turnOnXT1HF
                0x0000d076                CS_turnOnXT1HFWithTimeout
                0x0000d07a                CS_turnOnSMCLK
                0x0000d082                CS_turnOffSMCLK
                0x0000d08a                CS_enableVLOAutoOff
                0x0000d092                CS_disableVLOAutoOff
                0x0000d09a                CS_initFLL
                0x0000d180                CS_initFLLSettle
                0x0000d1ae                CS_initFLLCalculateTrim
                0x0000d2d4                CS_initFLLLoadTrim
                0x0000d41a                CS_enableClockRequest
                0x0000d420                CS_disableClockRequest
                0x0000d426                CS_getFaultFlagStatus
                0x0000d42c                CS_clearFaultFlag
                0x0000d432                CS_getACLK
                0x0000d44a                CS_getSMCLK
                0x0000d468                CS_getMCLK
                0x0000d480                CS_clearAllOscFlagsWithTimeout
                0x0000d4a8                CS_enableXT1AutomaticGainControl
                0x0000d4ae                CS_disableXT1AutomaticGainControl
                0x0000d4b4                CS_enableFLLUnlock
                0x0000d4bc                CS_disableFLLUnlock
                0x0000d4c4                CS_enableREFOLP
                0x0000d4c6                CS_disableREFOLP
                0x0000d4c8                CS_getREFOLP
                0x0000d4cc                CS_enableXT1FaultOff
                0x0000d4ce                CS_disableXT1FaultOff
                0x0000d4d0                CS_getXT1FaultOff
                0x0000d4d4                CS_getREFOReady
 .text          0x0000d4da      0x10e C:\Users\marce\Documents\GitHub\ILI9341_MSP430FR2433_DriverLib_Example\driverlib\MSP430FR2xx_4xx\eusci_a_spi.o
                0x0000d4da                EUSCI_A_SPI_initMaster
                0x0000d52e                EUSCI_A_SPI_select4PinFunctionality
                0x0000d538                EUSCI_A_SPI_changeMasterClock
                0x0000d55e                EUSCI_A_SPI_initSlave
                0x0000d582                EUSCI_A_SPI_changeClockPhasePolarity
                0x0000d598                EUSCI_A_SPI_transmitData
                0x0000d5a2                EUSCI_A_SPI_receiveData
                0x0000d5a8                EUSCI_A_SPI_enableInterrupt
                0x0000d5ae                EUSCI_A_SPI_disableInterrupt
                0x0000d5b4                EUSCI_A_SPI_getInterruptStatus
                0x0000d5bc                EUSCI_A_SPI_clearInterrupt
                0x0000d5c2                EUSCI_A_SPI_enable
                0x0000d5c8                EUSCI_A_SPI_disable
                0x0000d5ce                EUSCI_A_SPI_getReceiveBufferAddress
                0x0000d5d6                EUSCI_A_SPI_getTransmitBufferAddress
                0x0000d5de                EUSCI_A_SPI_isBusy
                0x0000d5e6                EUSCI_A_SPI_remapPins
 .text          0x0000d5e8      0x246 C:\Users\marce\Documents\GitHub\ILI9341_MSP430FR2433_DriverLib_Example\driverlib\MSP430FR2xx_4xx\gpio.o
                0x0000d5e8                GPIO_setAsOutputPin
                0x0000d60a                GPIO_setAsInputPin
                0x0000d630                GPIO_setAsPeripheralModuleFunctionOutputPin
                0x0000d67a                GPIO_setAsPeripheralModuleFunctionInputPin
                0x0000d6c8                GPIO_setOutputHighOnPin
                0x0000d6e2                GPIO_setOutputLowOnPin
                0x0000d6fc                GPIO_toggleOutputOnPin
                0x0000d716                GPIO_setAsInputPinWithPullDownResistor
                0x0000d740                GPIO_setAsInputPinWithPullUpResistor
                0x0000d76a                GPIO_getInputPinValue
                0x0000d78c                GPIO_enableInterrupt
                0x0000d7a6                GPIO_disableInterrupt
                0x0000d7c0                GPIO_getInterruptStatus
                0x0000d7ec                GPIO_clearInterrupt
                0x0000d806                GPIO_selectInterruptEdge
 .text          0x0000d82e      0x14e C:\Users\marce\Documents\GitHub\ILI9341_MSP430FR2433_DriverLib_Example\driverlib\MSP430FR2xx_4xx\pmm.o
                0x0000d82e                PMM_enableSVSH
                0x0000d844                PMM_disableSVSH
                0x0000d85a                PMM_turnOnRegulator
                0x0000d870                PMM_turnOffRegulator
                0x0000d886                PMM_trigPOR
                0x0000d89a                PMM_trigBOR
                0x0000d8ae                PMM_clearInterrupt
                0x0000d8c2                PMM_getInterruptStatus
                0x0000d8c8                PMM_unlockLPM5
                0x0000d8ce                PMM_getBandgapMode
                0x0000d8d8                PMM_isBandgapActive
                0x0000d8e2                PMM_isRefGenActive
                0x0000d8ec                PMM_getBufferedBandgapVoltageStatus
                0x0000d8f6                PMM_getVariableReferenceVoltageStatus
                0x0000d900                PMM_disableTempSensor
                0x0000d914                PMM_enableTempSensor
                0x0000d928                PMM_disableExternalReference
                0x0000d93c                PMM_enableExternalReference
                0x0000d950                PMM_disableInternalReference
                0x0000d964                PMM_enableInternalReference
                0x0000d978                PMM_selectVoltageReference
                0x0000d97a                PMM_setPowerMode
 .text          0x0000d97c       0x5e C:\Users\marce\Documents\GitHub\ILI9341_MSP430FR2433_DriverLib_Example\driverlib\MSP430FR2xx_4xx\wdt_a.o
                0x0000d97c                WDT_A_hold
                0x0000d990                WDT_A_start
                0x0000d9a0                WDT_A_resetTimer
                0x0000d9b2                WDT_A_initWatchdogTimer
                0x0000d9c6                WDT_A_initIntervalTimer
 .text          0x0000d9da      0x6a0 C:\Users\marce\Documents\GitHub\ILI9341_MSP430FR2433_DriverLib_Example\LcdIf\LcdIf.o
                0x0000db1a                LcdIf_Init
                0x0000ddae                LcdIf_DrawRectangle
                0x0000dde4                LcdIf_FillScreen
                0x0000ddfe                LcdIf_DrawPoint
                0x0000de2a                LcdIf_DrawLine
                0x0000df32                LcdIf_DrawChar
                0x0000dfcc                LcdIf_DrawStr
 .text.udivmodhi4
                0x0000e07a       0x38 c:/ti/msp430-gcc/bin/../lib/gcc/msp430-elf/9.3.1\libgcc.a(lib2divHI.o)
                0x0000e07a                udivmodhi4
 .text.__divhi3
                0x0000e0b2       0x30 c:/ti/msp430-gcc/bin/../lib/gcc/msp430-elf/9.3.1\libgcc.a(lib2divHI.o)
                0x0000e0b2                __mspabi_divi
 .text.udivmodsi4
                0x0000e0e2       0x80 c:/ti/msp430-gcc/bin/../lib/gcc/msp430-elf/9.3.1\libgcc.a(lib2divSI.o)
                0x0000e0e2                udivmodsi4
 .text.__divsi3
                0x0000e162       0x48 c:/ti/msp430-gcc/bin/../lib/gcc/msp430-elf/9.3.1\libgcc.a(lib2divSI.o)
                0x0000e162                __mspabi_divli
 .text.__udivsi3
                0x0000e1aa        0xe c:/ti/msp430-gcc/bin/../lib/gcc/msp430-elf/9.3.1\libgcc.a(lib2divSI.o)
                0x0000e1aa                __mspabi_divlu
                0x0000e1aa                __mspabi_divul
 .text.__mspabi_slli
                0x0000e1b8        0xa c:/ti/msp430-gcc/bin/../lib/gcc/msp430-elf/9.3.1\libgcc.a(slli.o)
                0x0000e1bc                __mspabi_slli
 .text.__mspabi_srai
                0x0000e1c2        0xa c:/ti/msp430-gcc/bin/../lib/gcc/msp430-elf/9.3.1\libgcc.a(srai.o)
                0x0000e1c6                __mspabi_srai
 .text.__mulsi2
                0x0000e1cc       0x20 c:/ti/msp430-gcc/bin/../lib/gcc/msp430-elf/9.3.1\libmul_f5.a(lib2hw_mul_f5.o)
                0x0000e1cc                __mspabi_mpyl_f5hw
                0x0000e1cc                __mulsi2
                0x0000e1cc                __mspabi_mpyl
 .text.exit     0x0000e1ec        0x2 c:/ti/msp430-gcc/bin/../lib/gcc/msp430-elf/9.3.1/../../../../msp430-elf/lib\libnosys.a(exit.o)
                0x0000e1ec                _exit
                0x0000e1ec                exit
 .text.memset   0x0000e1ee       0x12 c:/ti/msp430-gcc/bin/../lib/gcc/msp430-elf/9.3.1/../../../../msp430-elf/lib\libc.a(lib_a-memset.o)
                0x0000e1ee                memset
 *(.text.*personality*)
 *(.gnu.warning)
 *(.interp .hash .dynsym .dynstr .gnu.version*)
                [!provide]                PROVIDE (__etext = .)
                [!provide]                PROVIDE (_etext = .)
                [!provide]                PROVIDE (etext = .)
                0x0000e200                . = ALIGN (0x2)
 *(.init)
 *(.fini)
 *(.tm_clone_table)

.data           0x00002000        0x0 load address 0x0000e200
                0x00002000                . = ALIGN (0x2)
                [!provide]                PROVIDE (__datastart = .)
 *(.jcr)
 *(.data.rel.ro.local)
 *(.data.rel.ro*)
 *(.dynamic)
 *(.data .data.* .gnu.linkonce.d.*)
 *(.gnu.linkonce.d.*personality*)
 *(.data1)
 *(.got.plt)
 *(.got)
                0x00002000                . = ALIGN (0x2)
 *(.sdata .sdata.* .gnu.linkonce.s.* D_2 D_1)
                0x00002000                . = ALIGN (0x2)
                0x00002000                _edata = .
                [!provide]                PROVIDE (edata = .)
                [!provide]                PROVIDE (__dataend = .)
                [!provide]                PROVIDE (__romdatastart = LOADADDR (.data))
                [!provide]                PROVIDE (__romdatacopysize = SIZEOF (.data))

.bss            0x00002000        0x4 load address 0x0000e200
                0x00002000                . = ALIGN (0x2)
                0x00002000                PROVIDE (__bssstart = .)
 *(.dynbss)
 *(.sbss .sbss.*)
 *(.bss .bss.* .gnu.linkonce.b.*)
 .bss           0x00002000        0x4 C:\Users\marce\Documents\GitHub\ILI9341_MSP430FR2433_DriverLib_Example\driverlib\MSP430FR2xx_4xx\cs.o
                0x00002004                . = ALIGN (0x2)
 *(COMMON)
                [!provide]                PROVIDE (__bssend = .)
                0x00000004                PROVIDE (__bsssize = SIZEOF (.bss))

.noinit         0x00002004        0x0 load address 0x0000e200
                0x00002004                . = ALIGN (0x2)
                [!provide]                PROVIDE (__noinit_start = .)
 *(.noinit)
                0x00002004                . = ALIGN (0x2)
                [!provide]                PROVIDE (__noinit_end = .)
                0x00002004                end = .

.heap           0x00002004        0x4 load address 0x0000e200
                0x00002004                . = ALIGN (0x2)
                0x00002004                __heap_start__ = .
                0x00002004                _end = __heap_start__
                [!provide]                PROVIDE (end = .)
 *(.heap)
                0x00002004                _end = .
                [!provide]                PROVIDE (end = .)
                0x00002004        0x4 LONG 0x0
                0x00002008                __heap_end__ = .
                0x00002008                __HeapLimit = __heap_end__

.stack          0x00003000        0x0
                0x00003000                PROVIDE (__stack = .)
 *(.stack)

.infoA

.MSP430.attributes
                0x00000000       0x17
 *(.MSP430.attributes)
 .MSP430.attributes
                0x00000000       0x17 c:/ti/msp430-gcc/bin/../lib/gcc/msp430-elf/9.3.1/../../../../msp430-elf/lib/crt0.o
 .MSP430.attributes
                0x00000017       0x17 c:/ti/msp430-gcc/bin/../lib/gcc/msp430-elf/9.3.1/crtbegin_no_eh.o
 .MSP430.attributes
                0x0000002e       0x17 C:\Users\marce\Documents\GitHub\ILI9341_MSP430FR2433_DriverLib_Example\main.o
 .MSP430.attributes
                0x00000045       0x17 C:\Users\marce\Documents\GitHub\ILI9341_MSP430FR2433_DriverLib_Example\common\delay.o
 .MSP430.attributes
                0x0000005c       0x17 C:\Users\marce\Documents\GitHub\ILI9341_MSP430FR2433_DriverLib_Example\driverlib\MSP430FR2xx_4xx\adc.o
 .MSP430.attributes
                0x00000073       0x17 C:\Users\marce\Documents\GitHub\ILI9341_MSP430FR2433_DriverLib_Example\driverlib\MSP430FR2xx_4xx\crc.o
 .MSP430.attributes
                0x0000008a       0x17 C:\Users\marce\Documents\GitHub\ILI9341_MSP430FR2433_DriverLib_Example\driverlib\MSP430FR2xx_4xx\cs.o
 .MSP430.attributes
                0x000000a1       0x17 C:\Users\marce\Documents\GitHub\ILI9341_MSP430FR2433_DriverLib_Example\driverlib\MSP430FR2xx_4xx\ecomp.o
 .MSP430.attributes
                0x000000b8       0x17 C:\Users\marce\Documents\GitHub\ILI9341_MSP430FR2433_DriverLib_Example\driverlib\MSP430FR2xx_4xx\eusci_a_spi.o
 .MSP430.attributes
                0x000000cf       0x17 C:\Users\marce\Documents\GitHub\ILI9341_MSP430FR2433_DriverLib_Example\driverlib\MSP430FR2xx_4xx\eusci_a_uart.o
 .MSP430.attributes
                0x000000e6       0x17 C:\Users\marce\Documents\GitHub\ILI9341_MSP430FR2433_DriverLib_Example\driverlib\MSP430FR2xx_4xx\eusci_b_i2c.o
 .MSP430.attributes
                0x000000fd       0x17 C:\Users\marce\Documents\GitHub\ILI9341_MSP430FR2433_DriverLib_Example\driverlib\MSP430FR2xx_4xx\eusci_b_spi.o
 .MSP430.attributes
                0x00000114       0x17 C:\Users\marce\Documents\GitHub\ILI9341_MSP430FR2433_DriverLib_Example\driverlib\MSP430FR2xx_4xx\framctl.o
 .MSP430.attributes
                0x0000012b       0x17 C:\Users\marce\Documents\GitHub\ILI9341_MSP430FR2433_DriverLib_Example\driverlib\MSP430FR2xx_4xx\gpio.o
 .MSP430.attributes
                0x00000142       0x17 C:\Users\marce\Documents\GitHub\ILI9341_MSP430FR2433_DriverLib_Example\driverlib\MSP430FR2xx_4xx\icc.o
 .MSP430.attributes
                0x00000159       0x17 C:\Users\marce\Documents\GitHub\ILI9341_MSP430FR2433_DriverLib_Example\driverlib\MSP430FR2xx_4xx\lcd_e.o
 .MSP430.attributes
                0x00000170       0x17 C:\Users\marce\Documents\GitHub\ILI9341_MSP430FR2433_DriverLib_Example\driverlib\MSP430FR2xx_4xx\mpy32.o
 .MSP430.attributes
                0x00000187       0x17 C:\Users\marce\Documents\GitHub\ILI9341_MSP430FR2433_DriverLib_Example\driverlib\MSP430FR2xx_4xx\pmm.o
 .MSP430.attributes
                0x0000019e       0x17 C:\Users\marce\Documents\GitHub\ILI9341_MSP430FR2433_DriverLib_Example\driverlib\MSP430FR2xx_4xx\rtc.o
 .MSP430.attributes
                0x000001b5       0x17 C:\Users\marce\Documents\GitHub\ILI9341_MSP430FR2433_DriverLib_Example\driverlib\MSP430FR2xx_4xx\sac.o
 .MSP430.attributes
                0x000001cc       0x17 C:\Users\marce\Documents\GitHub\ILI9341_MSP430FR2433_DriverLib_Example\driverlib\MSP430FR2xx_4xx\sfr.o
 .MSP430.attributes
                0x000001e3       0x17 C:\Users\marce\Documents\GitHub\ILI9341_MSP430FR2433_DriverLib_Example\driverlib\MSP430FR2xx_4xx\sysctl.o
 .MSP430.attributes
                0x000001fa       0x17 C:\Users\marce\Documents\GitHub\ILI9341_MSP430FR2433_DriverLib_Example\driverlib\MSP430FR2xx_4xx\tia.o
 .MSP430.attributes
                0x00000211       0x17 C:\Users\marce\Documents\GitHub\ILI9341_MSP430FR2433_DriverLib_Example\driverlib\MSP430FR2xx_4xx\timer_a.o
 .MSP430.attributes
                0x00000228       0x17 C:\Users\marce\Documents\GitHub\ILI9341_MSP430FR2433_DriverLib_Example\driverlib\MSP430FR2xx_4xx\timer_b.o
 .MSP430.attributes
                0x0000023f       0x17 C:\Users\marce\Documents\GitHub\ILI9341_MSP430FR2433_DriverLib_Example\driverlib\MSP430FR2xx_4xx\tlv.o
 .MSP430.attributes
                0x00000256       0x17 C:\Users\marce\Documents\GitHub\ILI9341_MSP430FR2433_DriverLib_Example\driverlib\MSP430FR2xx_4xx\wdt_a.o
 .MSP430.attributes
                0x0000026d       0x17 C:\Users\marce\Documents\GitHub\ILI9341_MSP430FR2433_DriverLib_Example\LcdIf\LcdIf.o
 .MSP430.attributes
                0x00000284       0x17 c:/ti/msp430-gcc/bin/../lib/gcc/msp430-elf/9.3.1\libgcc.a(lib2divHI.o)
 .MSP430.attributes
                0x0000029b       0x17 c:/ti/msp430-gcc/bin/../lib/gcc/msp430-elf/9.3.1\libgcc.a(lib2divSI.o)
 .MSP430.attributes
                0x000002b2       0x17 c:/ti/msp430-gcc/bin/../lib/gcc/msp430-elf/9.3.1\libgcc.a(slli.o)
 .MSP430.attributes
                0x000002c9       0x17 c:/ti/msp430-gcc/bin/../lib/gcc/msp430-elf/9.3.1\libgcc.a(srai.o)
 .MSP430.attributes
                0x000002e0       0x17 c:/ti/msp430-gcc/bin/../lib/gcc/msp430-elf/9.3.1\libgcc.a(srli.o)
 .MSP430.attributes
                0x000002f7       0x17 c:/ti/msp430-gcc/bin/../lib/gcc/msp430-elf/9.3.1\libgcc.a(_udivdi3.o)
 .MSP430.attributes
                0x0000030e       0x17 c:/ti/msp430-gcc/bin/../lib/gcc/msp430-elf/9.3.1\libgcc.a(_clzdi2.o)
 .MSP430.attributes
                0x00000325       0x17 c:/ti/msp430-gcc/bin/../lib/gcc/msp430-elf/9.3.1\libgcc.a(_clz.o)
 .MSP430.attributes
                0x0000033c       0x17 c:/ti/msp430-gcc/bin/../lib/gcc/msp430-elf/9.3.1\libmul_f5.a(lib2hw_mul_f5.o)
 .MSP430.attributes
                0x00000353       0x17 c:/ti/msp430-gcc/bin/../lib/gcc/msp430-elf/9.3.1/../../../../msp430-elf/lib\libcrt.a(crt_bss.o)
 .MSP430.attributes
                0x0000036a       0x17 c:/ti/msp430-gcc/bin/../lib/gcc/msp430-elf/9.3.1/../../../../msp430-elf/lib\libcrt.a(crt_main.o)
 .MSP430.attributes
                0x00000381       0x17 c:/ti/msp430-gcc/bin/../lib/gcc/msp430-elf/9.3.1/../../../../msp430-elf/lib\libcrt.a(crt_callexit.o)
 .MSP430.attributes
                0x00000398       0x17 c:/ti/msp430-gcc/bin/../lib/gcc/msp430-elf/9.3.1/../../../../msp430-elf/lib\libnosys.a(exit.o)
 .MSP430.attributes
                0x000003af       0x17 c:/ti/msp430-gcc/bin/../lib/gcc/msp430-elf/9.3.1/../../../../msp430-elf/lib\libc.a(lib_a-memset.o)
 .MSP430.attributes
                0x000003c6       0x17 c:/ti/msp430-gcc/bin/../lib/gcc/msp430-elf/9.3.1/crtend_no_eh.o
 *(.gnu.attributes)
 *(__TI_build_attributes)

.stab
 *(.stab)

.stabstr
 *(.stabstr)

.stab.excl
 *(.stab.excl)

.stab.exclstr
 *(.stab.exclstr)

.stab.index
 *(.stab.index)

.stab.indexstr
 *(.stab.indexstr)

.comment        0x00000000       0x39
 *(.comment)
 .comment       0x00000000       0x39 C:\Users\marce\Documents\GitHub\ILI9341_MSP430FR2433_DriverLib_Example\main.o
                                 0x3a (size before relaxing)
 .comment       0x00000039       0x3a C:\Users\marce\Documents\GitHub\ILI9341_MSP430FR2433_DriverLib_Example\common\delay.o
 .comment       0x00000039       0x3a C:\Users\marce\Documents\GitHub\ILI9341_MSP430FR2433_DriverLib_Example\driverlib\MSP430FR2xx_4xx\cs.o
 .comment       0x00000039       0x3a C:\Users\marce\Documents\GitHub\ILI9341_MSP430FR2433_DriverLib_Example\driverlib\MSP430FR2xx_4xx\eusci_a_spi.o
 .comment       0x00000039       0x3a C:\Users\marce\Documents\GitHub\ILI9341_MSP430FR2433_DriverLib_Example\driverlib\MSP430FR2xx_4xx\gpio.o
 .comment       0x00000039       0x3a C:\Users\marce\Documents\GitHub\ILI9341_MSP430FR2433_DriverLib_Example\driverlib\MSP430FR2xx_4xx\pmm.o
 .comment       0x00000039       0x3a C:\Users\marce\Documents\GitHub\ILI9341_MSP430FR2433_DriverLib_Example\driverlib\MSP430FR2xx_4xx\wdt_a.o
 .comment       0x00000039       0x3a C:\Users\marce\Documents\GitHub\ILI9341_MSP430FR2433_DriverLib_Example\LcdIf\LcdIf.o
 .comment       0x00000039       0x3a c:/ti/msp430-gcc/bin/../lib/gcc/msp430-elf/9.3.1\libgcc.a(lib2divHI.o)
 .comment       0x00000039       0x3a c:/ti/msp430-gcc/bin/../lib/gcc/msp430-elf/9.3.1\libgcc.a(lib2divSI.o)
 .comment       0x00000039       0x3a c:/ti/msp430-gcc/bin/../lib/gcc/msp430-elf/9.3.1\libgcc.a(_udivdi3.o)
 .comment       0x00000039       0x3a c:/ti/msp430-gcc/bin/../lib/gcc/msp430-elf/9.3.1/../../../../msp430-elf/lib\libnosys.a(exit.o)
 .comment       0x00000039       0x3a c:/ti/msp430-gcc/bin/../lib/gcc/msp430-elf/9.3.1/../../../../msp430-elf/lib\libc.a(lib_a-memset.o)

.debug
 *(.debug)

.line
 *(.line)

.debug_srcinfo
 *(.debug_srcinfo)

.debug_sfnames
 *(.debug_sfnames)

.debug_aranges  0x00000000      0x120
 *(.debug_aranges)
 .debug_aranges
                0x00000000       0x20 C:\Users\marce\Documents\GitHub\ILI9341_MSP430FR2433_DriverLib_Example\main.o
 .debug_aranges
                0x00000020       0x20 C:\Users\marce\Documents\GitHub\ILI9341_MSP430FR2433_DriverLib_Example\common\delay.o
 .debug_aranges
                0x00000040       0x20 C:\Users\marce\Documents\GitHub\ILI9341_MSP430FR2433_DriverLib_Example\driverlib\MSP430FR2xx_4xx\cs.o
 .debug_aranges
                0x00000060       0x20 C:\Users\marce\Documents\GitHub\ILI9341_MSP430FR2433_DriverLib_Example\driverlib\MSP430FR2xx_4xx\eusci_a_spi.o
 .debug_aranges
                0x00000080       0x20 C:\Users\marce\Documents\GitHub\ILI9341_MSP430FR2433_DriverLib_Example\driverlib\MSP430FR2xx_4xx\gpio.o
 .debug_aranges
                0x000000a0       0x20 C:\Users\marce\Documents\GitHub\ILI9341_MSP430FR2433_DriverLib_Example\driverlib\MSP430FR2xx_4xx\pmm.o
 .debug_aranges
                0x000000c0       0x20 C:\Users\marce\Documents\GitHub\ILI9341_MSP430FR2433_DriverLib_Example\driverlib\MSP430FR2xx_4xx\wdt_a.o
 .debug_aranges
                0x000000e0       0x20 C:\Users\marce\Documents\GitHub\ILI9341_MSP430FR2433_DriverLib_Example\LcdIf\LcdIf.o
 .debug_aranges
                0x00000100       0x20 c:/ti/msp430-gcc/bin/../lib/gcc/msp430-elf/9.3.1/../../../../msp430-elf/lib\libnosys.a(exit.o)

.debug_pubnames
 *(.debug_pubnames)

.debug_info     0x00000000     0xdb96
 *(.debug_info .gnu.linkonce.wi.*)
 .debug_info    0x00000000     0x20aa C:\Users\marce\Documents\GitHub\ILI9341_MSP430FR2433_DriverLib_Example\main.o
 .debug_info    0x000020aa       0xad C:\Users\marce\Documents\GitHub\ILI9341_MSP430FR2433_DriverLib_Example\common\delay.o
 .debug_info    0x00002157     0x2237 C:\Users\marce\Documents\GitHub\ILI9341_MSP430FR2433_DriverLib_Example\driverlib\MSP430FR2xx_4xx\cs.o
 .debug_info    0x0000438e     0x1cdb C:\Users\marce\Documents\GitHub\ILI9341_MSP430FR2433_DriverLib_Example\driverlib\MSP430FR2xx_4xx\eusci_a_spi.o
 .debug_info    0x00006069     0x1cf5 C:\Users\marce\Documents\GitHub\ILI9341_MSP430FR2433_DriverLib_Example\driverlib\MSP430FR2xx_4xx\gpio.o
 .debug_info    0x00007d5e     0x1a65 C:\Users\marce\Documents\GitHub\ILI9341_MSP430FR2433_DriverLib_Example\driverlib\MSP430FR2xx_4xx\pmm.o
 .debug_info    0x000097c3     0x1994 C:\Users\marce\Documents\GitHub\ILI9341_MSP430FR2433_DriverLib_Example\driverlib\MSP430FR2xx_4xx\wdt_a.o
 .debug_info    0x0000b157     0x29f0 C:\Users\marce\Documents\GitHub\ILI9341_MSP430FR2433_DriverLib_Example\LcdIf\LcdIf.o
 .debug_info    0x0000db47       0x4f c:/ti/msp430-gcc/bin/../lib/gcc/msp430-elf/9.3.1/../../../../msp430-elf/lib\libnosys.a(exit.o)

.debug_abbrev   0x00000000      0xb69
 *(.debug_abbrev)
 .debug_abbrev  0x00000000      0x11d C:\Users\marce\Documents\GitHub\ILI9341_MSP430FR2433_DriverLib_Example\main.o
 .debug_abbrev  0x0000011d       0x75 C:\Users\marce\Documents\GitHub\ILI9341_MSP430FR2433_DriverLib_Example\common\delay.o
 .debug_abbrev  0x00000192      0x275 C:\Users\marce\Documents\GitHub\ILI9341_MSP430FR2433_DriverLib_Example\driverlib\MSP430FR2xx_4xx\cs.o
 .debug_abbrev  0x00000407      0x11c C:\Users\marce\Documents\GitHub\ILI9341_MSP430FR2433_DriverLib_Example\driverlib\MSP430FR2xx_4xx\eusci_a_spi.o
 .debug_abbrev  0x00000523      0x177 C:\Users\marce\Documents\GitHub\ILI9341_MSP430FR2433_DriverLib_Example\driverlib\MSP430FR2xx_4xx\gpio.o
 .debug_abbrev  0x0000069a      0x10b C:\Users\marce\Documents\GitHub\ILI9341_MSP430FR2433_DriverLib_Example\driverlib\MSP430FR2xx_4xx\pmm.o
 .debug_abbrev  0x000007a5       0xf1 C:\Users\marce\Documents\GitHub\ILI9341_MSP430FR2433_DriverLib_Example\driverlib\MSP430FR2xx_4xx\wdt_a.o
 .debug_abbrev  0x00000896      0x284 C:\Users\marce\Documents\GitHub\ILI9341_MSP430FR2433_DriverLib_Example\LcdIf\LcdIf.o
 .debug_abbrev  0x00000b1a       0x4f c:/ti/msp430-gcc/bin/../lib/gcc/msp430-elf/9.3.1/../../../../msp430-elf/lib\libnosys.a(exit.o)

.debug_line     0x00000000     0x4153
 *(.debug_line .debug_line.* .debug_line_end)
 .debug_line    0x00000000      0x43b C:\Users\marce\Documents\GitHub\ILI9341_MSP430FR2433_DriverLib_Example\main.o
 .debug_line    0x0000043b      0x112 C:\Users\marce\Documents\GitHub\ILI9341_MSP430FR2433_DriverLib_Example\common\delay.o
 .debug_line    0x0000054d     0x1a69 C:\Users\marce\Documents\GitHub\ILI9341_MSP430FR2433_DriverLib_Example\driverlib\MSP430FR2xx_4xx\cs.o
 .debug_line    0x00001fb6      0x494 C:\Users\marce\Documents\GitHub\ILI9341_MSP430FR2433_DriverLib_Example\driverlib\MSP430FR2xx_4xx\eusci_a_spi.o
 .debug_line    0x0000244a      0x8f4 C:\Users\marce\Documents\GitHub\ILI9341_MSP430FR2433_DriverLib_Example\driverlib\MSP430FR2xx_4xx\gpio.o
 .debug_line    0x00002d3e      0x577 C:\Users\marce\Documents\GitHub\ILI9341_MSP430FR2433_DriverLib_Example\driverlib\MSP430FR2xx_4xx\pmm.o
 .debug_line    0x000032b5      0x22a C:\Users\marce\Documents\GitHub\ILI9341_MSP430FR2433_DriverLib_Example\driverlib\MSP430FR2xx_4xx\wdt_a.o
 .debug_line    0x000034df      0xbf6 C:\Users\marce\Documents\GitHub\ILI9341_MSP430FR2433_DriverLib_Example\LcdIf\LcdIf.o
 .debug_line    0x000040d5       0x4a c:/ti/msp430-gcc/bin/../lib/gcc/msp430-elf/9.3.1/../../../../msp430-elf/lib\libnosys.a(exit.o)
 .debug_line.text.exit
                0x0000411f       0x34 c:/ti/msp430-gcc/bin/../lib/gcc/msp430-elf/9.3.1/../../../../msp430-elf/lib\libnosys.a(exit.o)
 .debug_line_end
                0x00004153        0x0 c:/ti/msp430-gcc/bin/../lib/gcc/msp430-elf/9.3.1/../../../../msp430-elf/lib\libnosys.a(exit.o)

.debug_frame    0x00000000      0xb7c
 *(.debug_frame)
 .debug_frame   0x00000000       0xfc C:\Users\marce\Documents\GitHub\ILI9341_MSP430FR2433_DriverLib_Example\main.o
 .debug_frame   0x000000fc       0x34 C:\Users\marce\Documents\GitHub\ILI9341_MSP430FR2433_DriverLib_Example\common\delay.o
 .debug_frame   0x00000130      0x370 C:\Users\marce\Documents\GitHub\ILI9341_MSP430FR2433_DriverLib_Example\driverlib\MSP430FR2xx_4xx\cs.o
 .debug_frame   0x000004a0      0x150 C:\Users\marce\Documents\GitHub\ILI9341_MSP430FR2433_DriverLib_Example\driverlib\MSP430FR2xx_4xx\eusci_a_spi.o
 .debug_frame   0x000005f0      0x104 C:\Users\marce\Documents\GitHub\ILI9341_MSP430FR2433_DriverLib_Example\driverlib\MSP430FR2xx_4xx\gpio.o
 .debug_frame   0x000006f4      0x174 C:\Users\marce\Documents\GitHub\ILI9341_MSP430FR2433_DriverLib_Example\driverlib\MSP430FR2xx_4xx\pmm.o
 .debug_frame   0x00000868       0x64 C:\Users\marce\Documents\GitHub\ILI9341_MSP430FR2433_DriverLib_Example\driverlib\MSP430FR2xx_4xx\wdt_a.o
 .debug_frame   0x000008cc      0x28c C:\Users\marce\Documents\GitHub\ILI9341_MSP430FR2433_DriverLib_Example\LcdIf\LcdIf.o
 .debug_frame   0x00000b58       0x24 c:/ti/msp430-gcc/bin/../lib/gcc/msp430-elf/9.3.1/../../../../msp430-elf/lib\libnosys.a(exit.o)

.debug_str      0x00000000     0x2328
 *(.debug_str)
 .debug_str     0x00000000     0x13f1 C:\Users\marce\Documents\GitHub\ILI9341_MSP430FR2433_DriverLib_Example\main.o
                               0x143f (size before relaxing)
 .debug_str     0x000013f1       0x9f C:\Users\marce\Documents\GitHub\ILI9341_MSP430FR2433_DriverLib_Example\common\delay.o
                                0x1be (size before relaxing)
 .debug_str     0x00001490      0x542 C:\Users\marce\Documents\GitHub\ILI9341_MSP430FR2433_DriverLib_Example\driverlib\MSP430FR2xx_4xx\cs.o
                               0x17a0 (size before relaxing)
 .debug_str     0x000019d2      0x234 C:\Users\marce\Documents\GitHub\ILI9341_MSP430FR2433_DriverLib_Example\driverlib\MSP430FR2xx_4xx\eusci_a_spi.o
                               0x1518 (size before relaxing)
 .debug_str     0x00001c06      0x1da C:\Users\marce\Documents\GitHub\ILI9341_MSP430FR2433_DriverLib_Example\driverlib\MSP430FR2xx_4xx\gpio.o
                               0x1416 (size before relaxing)
 .debug_str     0x00001de0      0x243 C:\Users\marce\Documents\GitHub\ILI9341_MSP430FR2433_DriverLib_Example\driverlib\MSP430FR2xx_4xx\pmm.o
                               0x141e (size before relaxing)
 .debug_str     0x00002023       0xdc C:\Users\marce\Documents\GitHub\ILI9341_MSP430FR2433_DriverLib_Example\driverlib\MSP430FR2xx_4xx\wdt_a.o
                               0x12b5 (size before relaxing)
 .debug_str     0x000020ff      0x1a7 C:\Users\marce\Documents\GitHub\ILI9341_MSP430FR2433_DriverLib_Example\LcdIf\LcdIf.o
                               0x13f7 (size before relaxing)
 .debug_str     0x000022a6       0x82 c:/ti/msp430-gcc/bin/../lib/gcc/msp430-elf/9.3.1/../../../../msp430-elf/lib\libnosys.a(exit.o)
                                 0x89 (size before relaxing)

.debug_loc      0x00000000     0x1c65
 *(.debug_loc)
 .debug_loc     0x00000000       0x70 C:\Users\marce\Documents\GitHub\ILI9341_MSP430FR2433_DriverLib_Example\common\delay.o
 .debug_loc     0x00000070      0xda9 C:\Users\marce\Documents\GitHub\ILI9341_MSP430FR2433_DriverLib_Example\driverlib\MSP430FR2xx_4xx\cs.o
 .debug_loc     0x00000e19      0x15d C:\Users\marce\Documents\GitHub\ILI9341_MSP430FR2433_DriverLib_Example\driverlib\MSP430FR2xx_4xx\eusci_a_spi.o
 .debug_loc     0x00000f76      0x207 C:\Users\marce\Documents\GitHub\ILI9341_MSP430FR2433_DriverLib_Example\driverlib\MSP430FR2xx_4xx\gpio.o
 .debug_loc     0x0000117d       0x21 C:\Users\marce\Documents\GitHub\ILI9341_MSP430FR2433_DriverLib_Example\driverlib\MSP430FR2xx_4xx\pmm.o
 .debug_loc     0x0000119e       0xca C:\Users\marce\Documents\GitHub\ILI9341_MSP430FR2433_DriverLib_Example\driverlib\MSP430FR2xx_4xx\wdt_a.o
 .debug_loc     0x00001268      0x9fd C:\Users\marce\Documents\GitHub\ILI9341_MSP430FR2433_DriverLib_Example\LcdIf\LcdIf.o

.debug_macinfo
 *(.debug_macinfo)

.debug_weaknames
 *(.debug_weaknames)

.debug_funcnames
 *(.debug_funcnames)

.debug_typenames
 *(.debug_typenames)

.debug_varnames
 *(.debug_varnames)

.debug_pubtypes
 *(.debug_pubtypes)

.debug_ranges   0x00000000       0x10
 *(.debug_ranges)
 .debug_ranges  0x00000000       0x10 c:/ti/msp430-gcc/bin/../lib/gcc/msp430-elf/9.3.1/../../../../msp430-elf/lib\libnosys.a(exit.o)

.debug_macro
 *(.debug_macro)

/DISCARD/
 *(.note.GNU-stack)
                [!provide]                PROVIDE (ADCCTL0 = 0x700)
                [!provide]                PROVIDE (ADCCTL0_L = 0x700)
                [!provide]                PROVIDE (ADCCTL0_H = 0x701)
                [!provide]                PROVIDE (ADCCTL1 = 0x702)
                [!provide]                PROVIDE (ADCCTL1_L = 0x702)
                [!provide]                PROVIDE (ADCCTL1_H = 0x703)
                [!provide]                PROVIDE (ADCCTL2 = 0x704)
                [!provide]                PROVIDE (ADCCTL2_L = 0x704)
                [!provide]                PROVIDE (ADCCTL2_H = 0x705)
                [!provide]                PROVIDE (ADCLO = 0x706)
                [!provide]                PROVIDE (ADCLO_L = 0x706)
                [!provide]                PROVIDE (ADCLO_H = 0x707)
                [!provide]                PROVIDE (ADCHI = 0x708)
                [!provide]                PROVIDE (ADCHI_L = 0x708)
                [!provide]                PROVIDE (ADCHI_H = 0x709)
                [!provide]                PROVIDE (ADCMCTL0 = 0x70a)
                [!provide]                PROVIDE (ADCMCTL0_L = 0x70a)
                [!provide]                PROVIDE (ADCMCTL0_H = 0x70b)
                [!provide]                PROVIDE (ADCMEM0 = 0x712)
                [!provide]                PROVIDE (ADCMEM0_L = 0x712)
                [!provide]                PROVIDE (ADCMEM0_H = 0x713)
                [!provide]                PROVIDE (ADCIE = 0x71a)
                [!provide]                PROVIDE (ADCIE_L = 0x71a)
                [!provide]                PROVIDE (ADCIE_H = 0x71b)
                [!provide]                PROVIDE (ADCIFG = 0x71c)
                [!provide]                PROVIDE (ADCIFG_L = 0x71c)
                [!provide]                PROVIDE (ADCIFG_H = 0x71d)
                [!provide]                PROVIDE (ADCIV = 0x71e)
                [!provide]                PROVIDE (ADCIV_L = 0x71e)
                [!provide]                PROVIDE (ADCIV_H = 0x71f)
                [!provide]                PROVIDE (BAKMEM0 = 0x660)
                [!provide]                PROVIDE (BAKMEM0_L = 0x660)
                [!provide]                PROVIDE (BAKMEM0_H = 0x661)
                [!provide]                PROVIDE (BAKMEM1 = 0x662)
                [!provide]                PROVIDE (BAKMEM1_L = 0x662)
                [!provide]                PROVIDE (BAKMEM1_H = 0x663)
                [!provide]                PROVIDE (BAKMEM2 = 0x664)
                [!provide]                PROVIDE (BAKMEM2_L = 0x664)
                [!provide]                PROVIDE (BAKMEM2_H = 0x665)
                [!provide]                PROVIDE (BAKMEM3 = 0x666)
                [!provide]                PROVIDE (BAKMEM3_L = 0x666)
                [!provide]                PROVIDE (BAKMEM3_H = 0x667)
                [!provide]                PROVIDE (BAKMEM4 = 0x668)
                [!provide]                PROVIDE (BAKMEM4_L = 0x668)
                [!provide]                PROVIDE (BAKMEM4_H = 0x669)
                [!provide]                PROVIDE (BAKMEM5 = 0x66a)
                [!provide]                PROVIDE (BAKMEM5_L = 0x66a)
                [!provide]                PROVIDE (BAKMEM5_H = 0x66b)
                [!provide]                PROVIDE (BAKMEM6 = 0x66c)
                [!provide]                PROVIDE (BAKMEM6_L = 0x66c)
                [!provide]                PROVIDE (BAKMEM6_H = 0x66d)
                [!provide]                PROVIDE (BAKMEM7 = 0x66e)
                [!provide]                PROVIDE (BAKMEM7_L = 0x66e)
                [!provide]                PROVIDE (BAKMEM7_H = 0x66f)
                [!provide]                PROVIDE (BAKMEM8 = 0x670)
                [!provide]                PROVIDE (BAKMEM8_L = 0x670)
                [!provide]                PROVIDE (BAKMEM8_H = 0x671)
                [!provide]                PROVIDE (BAKMEM9 = 0x672)
                [!provide]                PROVIDE (BAKMEM9_L = 0x672)
                [!provide]                PROVIDE (BAKMEM9_H = 0x673)
                [!provide]                PROVIDE (BAKMEM10 = 0x674)
                [!provide]                PROVIDE (BAKMEM10_L = 0x674)
                [!provide]                PROVIDE (BAKMEM10_H = 0x675)
                [!provide]                PROVIDE (BAKMEM11 = 0x676)
                [!provide]                PROVIDE (BAKMEM11_L = 0x676)
                [!provide]                PROVIDE (BAKMEM11_H = 0x677)
                [!provide]                PROVIDE (BAKMEM12 = 0x678)
                [!provide]                PROVIDE (BAKMEM12_L = 0x678)
                [!provide]                PROVIDE (BAKMEM12_H = 0x679)
                [!provide]                PROVIDE (BAKMEM13 = 0x67a)
                [!provide]                PROVIDE (BAKMEM13_L = 0x67a)
                [!provide]                PROVIDE (BAKMEM13_H = 0x67b)
                [!provide]                PROVIDE (BAKMEM14 = 0x67c)
                [!provide]                PROVIDE (BAKMEM14_L = 0x67c)
                [!provide]                PROVIDE (BAKMEM14_H = 0x67d)
                [!provide]                PROVIDE (BAKMEM15 = 0x67e)
                [!provide]                PROVIDE (BAKMEM15_L = 0x67e)
                [!provide]                PROVIDE (BAKMEM15_H = 0x67f)
                [!provide]                PROVIDE (CRCDI = 0x1c0)
                [!provide]                PROVIDE (CRCDI_L = 0x1c0)
                [!provide]                PROVIDE (CRCDI_H = 0x1c1)
                [!provide]                PROVIDE (CRCDIRB = 0x1c2)
                [!provide]                PROVIDE (CRCDIRB_L = 0x1c2)
                [!provide]                PROVIDE (CRCDIRB_H = 0x1c3)
                [!provide]                PROVIDE (CRCINIRES = 0x1c4)
                [!provide]                PROVIDE (CRCINIRES_L = 0x1c4)
                [!provide]                PROVIDE (CRCINIRES_H = 0x1c5)
                [!provide]                PROVIDE (CRCRESR = 0x1c6)
                [!provide]                PROVIDE (CRCRESR_L = 0x1c6)
                [!provide]                PROVIDE (CRCRESR_H = 0x1c7)
                [!provide]                PROVIDE (CSCTL0 = 0x180)
                [!provide]                PROVIDE (CSCTL0_L = 0x180)
                [!provide]                PROVIDE (CSCTL0_H = 0x181)
                [!provide]                PROVIDE (CSCTL1 = 0x182)
                [!provide]                PROVIDE (CSCTL1_L = 0x182)
                [!provide]                PROVIDE (CSCTL1_H = 0x183)
                [!provide]                PROVIDE (CSCTL2 = 0x184)
                [!provide]                PROVIDE (CSCTL2_L = 0x184)
                [!provide]                PROVIDE (CSCTL2_H = 0x185)
                [!provide]                PROVIDE (CSCTL3 = 0x186)
                [!provide]                PROVIDE (CSCTL3_L = 0x186)
                [!provide]                PROVIDE (CSCTL3_H = 0x187)
                [!provide]                PROVIDE (CSCTL4 = 0x188)
                [!provide]                PROVIDE (CSCTL4_L = 0x188)
                [!provide]                PROVIDE (CSCTL4_H = 0x189)
                [!provide]                PROVIDE (CSCTL5 = 0x18a)
                [!provide]                PROVIDE (CSCTL5_L = 0x18a)
                [!provide]                PROVIDE (CSCTL5_H = 0x18b)
                [!provide]                PROVIDE (CSCTL6 = 0x18c)
                [!provide]                PROVIDE (CSCTL6_L = 0x18c)
                [!provide]                PROVIDE (CSCTL6_H = 0x18d)
                [!provide]                PROVIDE (CSCTL7 = 0x18e)
                [!provide]                PROVIDE (CSCTL7_L = 0x18e)
                [!provide]                PROVIDE (CSCTL7_H = 0x18f)
                [!provide]                PROVIDE (CSCTL8 = 0x190)
                [!provide]                PROVIDE (CSCTL8_L = 0x190)
                [!provide]                PROVIDE (CSCTL8_H = 0x191)
                [!provide]                PROVIDE (FRCTL0 = 0x1a0)
                [!provide]                PROVIDE (FRCTL0_L = 0x1a0)
                [!provide]                PROVIDE (FRCTL0_H = 0x1a1)
                [!provide]                PROVIDE (GCCTL0 = 0x1a4)
                [!provide]                PROVIDE (GCCTL0_L = 0x1a4)
                [!provide]                PROVIDE (GCCTL0_H = 0x1a5)
                [!provide]                PROVIDE (GCCTL1 = 0x1a6)
                [!provide]                PROVIDE (GCCTL1_L = 0x1a6)
                [!provide]                PROVIDE (GCCTL1_H = 0x1a7)
                [!provide]                PROVIDE (MPY = 0x4c0)
                [!provide]                PROVIDE (MPY_L = 0x4c0)
                [!provide]                PROVIDE (MPY_H = 0x4c1)
                [!provide]                PROVIDE (MPYS = 0x4c2)
                [!provide]                PROVIDE (MPYS_L = 0x4c2)
                [!provide]                PROVIDE (MPYS_H = 0x4c3)
                [!provide]                PROVIDE (MAC = 0x4c4)
                [!provide]                PROVIDE (MAC_L = 0x4c4)
                [!provide]                PROVIDE (MAC_H = 0x4c5)
                [!provide]                PROVIDE (MACS = 0x4c6)
                [!provide]                PROVIDE (MACS_L = 0x4c6)
                [!provide]                PROVIDE (MACS_H = 0x4c7)
                [!provide]                PROVIDE (OP2 = 0x4c8)
                [!provide]                PROVIDE (OP2_L = 0x4c8)
                [!provide]                PROVIDE (OP2_H = 0x4c9)
                [!provide]                PROVIDE (RESLO = 0x4ca)
                [!provide]                PROVIDE (RESLO_L = 0x4ca)
                [!provide]                PROVIDE (RESLO_H = 0x4cb)
                [!provide]                PROVIDE (RESHI = 0x4cc)
                [!provide]                PROVIDE (RESHI_L = 0x4cc)
                [!provide]                PROVIDE (RESHI_H = 0x4cd)
                [!provide]                PROVIDE (SUMEXT = 0x4ce)
                [!provide]                PROVIDE (SUMEXT_L = 0x4ce)
                [!provide]                PROVIDE (SUMEXT_H = 0x4cf)
                [!provide]                PROVIDE (MPY32L = 0x4d0)
                [!provide]                PROVIDE (MPY32L_L = 0x4d0)
                [!provide]                PROVIDE (MPY32L_H = 0x4d1)
                [!provide]                PROVIDE (MPY32H = 0x4d2)
                [!provide]                PROVIDE (MPY32H_L = 0x4d2)
                [!provide]                PROVIDE (MPY32H_H = 0x4d3)
                [!provide]                PROVIDE (MPYS32L = 0x4d4)
                [!provide]                PROVIDE (MPYS32L_L = 0x4d4)
                [!provide]                PROVIDE (MPYS32L_H = 0x4d5)
                [!provide]                PROVIDE (MPYS32H = 0x4d6)
                [!provide]                PROVIDE (MPYS32H_L = 0x4d6)
                [!provide]                PROVIDE (MPYS32H_H = 0x4d7)
                [!provide]                PROVIDE (MAC32L = 0x4d8)
                [!provide]                PROVIDE (MAC32L_L = 0x4d8)
                [!provide]                PROVIDE (MAC32L_H = 0x4d9)
                [!provide]                PROVIDE (MAC32H = 0x4da)
                [!provide]                PROVIDE (MAC32H_L = 0x4da)
                [!provide]                PROVIDE (MAC32H_H = 0x4db)
                [!provide]                PROVIDE (MACS32L = 0x4dc)
                [!provide]                PROVIDE (MACS32L_L = 0x4dc)
                [!provide]                PROVIDE (MACS32L_H = 0x4dd)
                [!provide]                PROVIDE (MACS32H = 0x4de)
                [!provide]                PROVIDE (MACS32H_L = 0x4de)
                [!provide]                PROVIDE (MACS32H_H = 0x4df)
                [!provide]                PROVIDE (OP2L = 0x4e0)
                [!provide]                PROVIDE (OP2L_L = 0x4e0)
                [!provide]                PROVIDE (OP2L_H = 0x4e1)
                [!provide]                PROVIDE (OP2H = 0x4e2)
                [!provide]                PROVIDE (OP2H_L = 0x4e2)
                [!provide]                PROVIDE (OP2H_H = 0x4e3)
                [!provide]                PROVIDE (RES0 = 0x4e4)
                [!provide]                PROVIDE (RES0_L = 0x4e4)
                [!provide]                PROVIDE (RES0_H = 0x4e5)
                [!provide]                PROVIDE (RES1 = 0x4e6)
                [!provide]                PROVIDE (RES1_L = 0x4e6)
                [!provide]                PROVIDE (RES1_H = 0x4e7)
                [!provide]                PROVIDE (RES2 = 0x4e8)
                [!provide]                PROVIDE (RES2_L = 0x4e8)
                [!provide]                PROVIDE (RES2_H = 0x4e9)
                [!provide]                PROVIDE (RES3 = 0x4ea)
                [!provide]                PROVIDE (RES3_L = 0x4ea)
                [!provide]                PROVIDE (RES3_H = 0x4eb)
                [!provide]                PROVIDE (MPY32CTL0 = 0x4ec)
                [!provide]                PROVIDE (MPY32CTL0_L = 0x4ec)
                [!provide]                PROVIDE (MPY32CTL0_H = 0x4ed)
                [!provide]                PROVIDE (PMMCTL0 = 0x120)
                [!provide]                PROVIDE (PMMCTL0_L = 0x120)
                [!provide]                PROVIDE (PMMCTL0_H = 0x121)
                [!provide]                PROVIDE (PMMCTL1 = 0x122)
                [!provide]                PROVIDE (PMMCTL1_L = 0x122)
                [!provide]                PROVIDE (PMMCTL1_H = 0x123)
                [!provide]                PROVIDE (PMMCTL2 = 0x124)
                [!provide]                PROVIDE (PMMCTL2_L = 0x124)
                [!provide]                PROVIDE (PMMCTL2_H = 0x125)
                [!provide]                PROVIDE (PMMIFG = 0x12a)
                [!provide]                PROVIDE (PMMIFG_L = 0x12a)
                [!provide]                PROVIDE (PMMIFG_H = 0x12b)
                [!provide]                PROVIDE (PMMIE = 0x12e)
                [!provide]                PROVIDE (PMMIE_L = 0x12e)
                [!provide]                PROVIDE (PMMIE_H = 0x12f)
                0x00000130                PROVIDE (PM5CTL0 = 0x130)
                [!provide]                PROVIDE (PM5CTL0_L = 0x130)
                [!provide]                PROVIDE (PM5CTL0_H = 0x131)
                [!provide]                PROVIDE (PAIN = 0x200)
                [!provide]                PROVIDE (PAIN_L = 0x200)
                [!provide]                PROVIDE (PAIN_H = 0x201)
                [!provide]                PROVIDE (PAOUT = 0x202)
                [!provide]                PROVIDE (PAOUT_L = 0x202)
                [!provide]                PROVIDE (PAOUT_H = 0x203)
                [!provide]                PROVIDE (PADIR = 0x204)
                [!provide]                PROVIDE (PADIR_L = 0x204)
                [!provide]                PROVIDE (PADIR_H = 0x205)
                [!provide]                PROVIDE (PAREN = 0x206)
                [!provide]                PROVIDE (PAREN_L = 0x206)
                [!provide]                PROVIDE (PAREN_H = 0x207)
                [!provide]                PROVIDE (PASEL0 = 0x20a)
                [!provide]                PROVIDE (PASEL0_L = 0x20a)
                [!provide]                PROVIDE (PASEL0_H = 0x20b)
                [!provide]                PROVIDE (PASEL1 = 0x20c)
                [!provide]                PROVIDE (PASEL1_L = 0x20c)
                [!provide]                PROVIDE (PASEL1_H = 0x20d)
                [!provide]                PROVIDE (PAIES = 0x218)
                [!provide]                PROVIDE (PAIES_L = 0x218)
                [!provide]                PROVIDE (PAIES_H = 0x219)
                [!provide]                PROVIDE (PAIE = 0x21a)
                [!provide]                PROVIDE (PAIE_L = 0x21a)
                [!provide]                PROVIDE (PAIE_H = 0x21b)
                [!provide]                PROVIDE (PAIFG = 0x21c)
                [!provide]                PROVIDE (PAIFG_L = 0x21c)
                [!provide]                PROVIDE (PAIFG_H = 0x21d)
                [!provide]                PROVIDE (P1IV = 0x20e)
                [!provide]                PROVIDE (P2IV = 0x21e)
                [!provide]                PROVIDE (PBIN = 0x220)
                [!provide]                PROVIDE (PBIN_L = 0x220)
                [!provide]                PROVIDE (PBIN_H = 0x221)
                [!provide]                PROVIDE (PBOUT = 0x222)
                [!provide]                PROVIDE (PBOUT_L = 0x222)
                [!provide]                PROVIDE (PBOUT_H = 0x223)
                [!provide]                PROVIDE (PBDIR = 0x224)
                [!provide]                PROVIDE (PBDIR_L = 0x224)
                [!provide]                PROVIDE (PBDIR_H = 0x225)
                [!provide]                PROVIDE (PBREN = 0x226)
                [!provide]                PROVIDE (PBREN_L = 0x226)
                [!provide]                PROVIDE (PBREN_H = 0x227)
                [!provide]                PROVIDE (PBSEL0 = 0x22a)
                [!provide]                PROVIDE (PBSEL0_L = 0x22a)
                [!provide]                PROVIDE (PBSEL0_H = 0x22b)
                [!provide]                PROVIDE (PBSEL1 = 0x22c)
                [!provide]                PROVIDE (PBSEL1_L = 0x22c)
                [!provide]                PROVIDE (PBSEL1_H = 0x22d)
                [!provide]                PROVIDE (RTCCTL = 0x300)
                [!provide]                PROVIDE (RTCCTL_L = 0x300)
                [!provide]                PROVIDE (RTCCTL_H = 0x301)
                [!provide]                PROVIDE (RTCIV = 0x304)
                [!provide]                PROVIDE (RTCIV_L = 0x304)
                [!provide]                PROVIDE (RTCIV_H = 0x305)
                [!provide]                PROVIDE (RTCMOD = 0x308)
                [!provide]                PROVIDE (RTCMOD_L = 0x308)
                [!provide]                PROVIDE (RTCMOD_H = 0x309)
                [!provide]                PROVIDE (RTCCNT = 0x30c)
                [!provide]                PROVIDE (RTCCNT_L = 0x30c)
                [!provide]                PROVIDE (RTCCNT_H = 0x30d)
                [!provide]                PROVIDE (SFRIE1 = 0x100)
                [!provide]                PROVIDE (SFRIE1_L = 0x100)
                [!provide]                PROVIDE (SFRIE1_H = 0x101)
                [!provide]                PROVIDE (SFRIFG1 = 0x102)
                [!provide]                PROVIDE (SFRIFG1_L = 0x102)
                [!provide]                PROVIDE (SFRIFG1_H = 0x103)
                [!provide]                PROVIDE (SFRRPCR = 0x104)
                [!provide]                PROVIDE (SFRRPCR_L = 0x104)
                [!provide]                PROVIDE (SFRRPCR_H = 0x105)
                [!provide]                PROVIDE (SYSCTL = 0x140)
                [!provide]                PROVIDE (SYSCTL_L = 0x140)
                [!provide]                PROVIDE (SYSCTL_H = 0x141)
                [!provide]                PROVIDE (SYSBSLC = 0x142)
                [!provide]                PROVIDE (SYSBSLC_L = 0x142)
                [!provide]                PROVIDE (SYSBSLC_H = 0x143)
                [!provide]                PROVIDE (SYSJMBC = 0x146)
                [!provide]                PROVIDE (SYSJMBC_L = 0x146)
                [!provide]                PROVIDE (SYSJMBC_H = 0x147)
                [!provide]                PROVIDE (SYSJMBI0 = 0x148)
                [!provide]                PROVIDE (SYSJMBI0_L = 0x148)
                [!provide]                PROVIDE (SYSJMBI0_H = 0x149)
                [!provide]                PROVIDE (SYSJMBI1 = 0x14a)
                [!provide]                PROVIDE (SYSJMBI1_L = 0x14a)
                [!provide]                PROVIDE (SYSJMBI1_H = 0x14b)
                [!provide]                PROVIDE (SYSJMBO0 = 0x14c)
                [!provide]                PROVIDE (SYSJMBO0_L = 0x14c)
                [!provide]                PROVIDE (SYSJMBO0_H = 0x14d)
                [!provide]                PROVIDE (SYSJMBO1 = 0x14e)
                [!provide]                PROVIDE (SYSJMBO1_L = 0x14e)
                [!provide]                PROVIDE (SYSJMBO1_H = 0x14f)
                [!provide]                PROVIDE (SYSBERRIV = 0x158)
                [!provide]                PROVIDE (SYSBERRIV_L = 0x158)
                [!provide]                PROVIDE (SYSBERRIV_H = 0x159)
                [!provide]                PROVIDE (SYSUNIV = 0x15a)
                [!provide]                PROVIDE (SYSUNIV_L = 0x15a)
                [!provide]                PROVIDE (SYSUNIV_H = 0x15b)
                [!provide]                PROVIDE (SYSSNIV = 0x15c)
                [!provide]                PROVIDE (SYSSNIV_L = 0x15c)
                [!provide]                PROVIDE (SYSSNIV_H = 0x15d)
                [!provide]                PROVIDE (SYSRSTIV = 0x15e)
                [!provide]                PROVIDE (SYSRSTIV_L = 0x15e)
                [!provide]                PROVIDE (SYSRSTIV_H = 0x15f)
                [!provide]                PROVIDE (SYSCFG0 = 0x160)
                [!provide]                PROVIDE (SYSCFG0_L = 0x160)
                [!provide]                PROVIDE (SYSCFG0_H = 0x161)
                [!provide]                PROVIDE (SYSCFG1 = 0x162)
                [!provide]                PROVIDE (SYSCFG1_L = 0x162)
                [!provide]                PROVIDE (SYSCFG1_H = 0x163)
                [!provide]                PROVIDE (SYSCFG2 = 0x164)
                [!provide]                PROVIDE (SYSCFG2_L = 0x164)
                [!provide]                PROVIDE (SYSCFG2_H = 0x165)
                [!provide]                PROVIDE (TA0CTL = 0x380)
                [!provide]                PROVIDE (TA0CCTL0 = 0x382)
                [!provide]                PROVIDE (TA0CCTL1 = 0x384)
                [!provide]                PROVIDE (TA0CCTL2 = 0x386)
                [!provide]                PROVIDE (TA0R = 0x390)
                [!provide]                PROVIDE (TA0CCR0 = 0x392)
                [!provide]                PROVIDE (TA0CCR1 = 0x394)
                [!provide]                PROVIDE (TA0CCR2 = 0x396)
                [!provide]                PROVIDE (TA0IV = 0x3ae)
                [!provide]                PROVIDE (TA0EX0 = 0x3a0)
                [!provide]                PROVIDE (TA1CTL = 0x3c0)
                [!provide]                PROVIDE (TA1CCTL0 = 0x3c2)
                [!provide]                PROVIDE (TA1CCTL1 = 0x3c4)
                [!provide]                PROVIDE (TA1CCTL2 = 0x3c6)
                [!provide]                PROVIDE (TA1R = 0x3d0)
                [!provide]                PROVIDE (TA1CCR0 = 0x3d2)
                [!provide]                PROVIDE (TA1CCR1 = 0x3d4)
                [!provide]                PROVIDE (TA1CCR2 = 0x3d6)
                [!provide]                PROVIDE (TA1IV = 0x3ee)
                [!provide]                PROVIDE (TA1EX0 = 0x3e0)
                [!provide]                PROVIDE (TA2CTL = 0x400)
                [!provide]                PROVIDE (TA2CCTL0 = 0x402)
                [!provide]                PROVIDE (TA2CCTL1 = 0x404)
                [!provide]                PROVIDE (TA2R = 0x410)
                [!provide]                PROVIDE (TA2CCR0 = 0x412)
                [!provide]                PROVIDE (TA2CCR1 = 0x414)
                [!provide]                PROVIDE (TA2IV = 0x42e)
                [!provide]                PROVIDE (TA2EX0 = 0x420)
                [!provide]                PROVIDE (TA3CTL = 0x440)
                [!provide]                PROVIDE (TA3CCTL0 = 0x442)
                [!provide]                PROVIDE (TA3CCTL1 = 0x444)
                [!provide]                PROVIDE (TA3R = 0x450)
                [!provide]                PROVIDE (TA3CCR0 = 0x452)
                [!provide]                PROVIDE (TA3CCR1 = 0x454)
                [!provide]                PROVIDE (TA3IV = 0x46e)
                [!provide]                PROVIDE (TA3EX0 = 0x460)
                [!provide]                PROVIDE (UCA0CTLW0 = 0x500)
                [!provide]                PROVIDE (UCA0CTLW0_L = 0x500)
                [!provide]                PROVIDE (UCA0CTLW0_H = 0x501)
                [!provide]                PROVIDE (UCA0CTLW1 = 0x502)
                [!provide]                PROVIDE (UCA0CTLW1_L = 0x502)
                [!provide]                PROVIDE (UCA0CTLW1_H = 0x503)
                [!provide]                PROVIDE (UCA0BRW = 0x506)
                [!provide]                PROVIDE (UCA0BRW_L = 0x506)
                [!provide]                PROVIDE (UCA0BRW_H = 0x507)
                [!provide]                PROVIDE (UCA0MCTLW = 0x508)
                [!provide]                PROVIDE (UCA0MCTLW_L = 0x508)
                [!provide]                PROVIDE (UCA0MCTLW_H = 0x509)
                [!provide]                PROVIDE (UCA0STATW = 0x50a)
                [!provide]                PROVIDE (UCA0RXBUF = 0x50c)
                [!provide]                PROVIDE (UCA0RXBUF_L = 0x50c)
                [!provide]                PROVIDE (UCA0RXBUF_H = 0x50d)
                [!provide]                PROVIDE (UCA0TXBUF = 0x50e)
                [!provide]                PROVIDE (UCA0TXBUF_L = 0x50e)
                [!provide]                PROVIDE (UCA0TXBUF_H = 0x50f)
                [!provide]                PROVIDE (UCA0ABCTL = 0x510)
                [!provide]                PROVIDE (UCA0IRCTL = 0x512)
                [!provide]                PROVIDE (UCA0IRCTL_L = 0x512)
                [!provide]                PROVIDE (UCA0IRCTL_H = 0x513)
                [!provide]                PROVIDE (UCA0IE = 0x51a)
                [!provide]                PROVIDE (UCA0IE_L = 0x51a)
                [!provide]                PROVIDE (UCA0IE_H = 0x51b)
                [!provide]                PROVIDE (UCA0IFG = 0x51c)
                [!provide]                PROVIDE (UCA0IFG_L = 0x51c)
                [!provide]                PROVIDE (UCA0IFG_H = 0x51d)
                [!provide]                PROVIDE (UCA0IV = 0x51e)
                [!provide]                PROVIDE (UCA1CTLW0 = 0x520)
                [!provide]                PROVIDE (UCA1CTLW0_L = 0x520)
                [!provide]                PROVIDE (UCA1CTLW0_H = 0x521)
                [!provide]                PROVIDE (UCA1CTLW1 = 0x522)
                [!provide]                PROVIDE (UCA1CTLW1_L = 0x522)
                [!provide]                PROVIDE (UCA1CTLW1_H = 0x523)
                [!provide]                PROVIDE (UCA1BRW = 0x526)
                [!provide]                PROVIDE (UCA1BRW_L = 0x526)
                [!provide]                PROVIDE (UCA1BRW_H = 0x527)
                [!provide]                PROVIDE (UCA1MCTLW = 0x528)
                [!provide]                PROVIDE (UCA1MCTLW_L = 0x528)
                [!provide]                PROVIDE (UCA1MCTLW_H = 0x529)
                [!provide]                PROVIDE (UCA1STATW = 0x52a)
                [!provide]                PROVIDE (UCA1RXBUF = 0x52c)
                [!provide]                PROVIDE (UCA1RXBUF_L = 0x52c)
                [!provide]                PROVIDE (UCA1RXBUF_H = 0x52d)
                [!provide]                PROVIDE (UCA1TXBUF = 0x52e)
                [!provide]                PROVIDE (UCA1TXBUF_L = 0x52e)
                [!provide]                PROVIDE (UCA1TXBUF_H = 0x52f)
                [!provide]                PROVIDE (UCA1ABCTL = 0x530)
                [!provide]                PROVIDE (UCA1IRCTL = 0x532)
                [!provide]                PROVIDE (UCA1IRCTL_L = 0x532)
                [!provide]                PROVIDE (UCA1IRCTL_H = 0x533)
                [!provide]                PROVIDE (UCA1IE = 0x53a)
                [!provide]                PROVIDE (UCA1IE_L = 0x53a)
                [!provide]                PROVIDE (UCA1IE_H = 0x53b)
                [!provide]                PROVIDE (UCA1IFG = 0x53c)
                [!provide]                PROVIDE (UCA1IFG_L = 0x53c)
                [!provide]                PROVIDE (UCA1IFG_H = 0x53d)
                [!provide]                PROVIDE (UCA1IV = 0x53e)
                [!provide]                PROVIDE (UCB0CTLW0 = 0x540)
                [!provide]                PROVIDE (UCB0CTLW0_L = 0x540)
                [!provide]                PROVIDE (UCB0CTLW0_H = 0x541)
                [!provide]                PROVIDE (UCB0CTLW1 = 0x542)
                [!provide]                PROVIDE (UCB0CTLW1_L = 0x542)
                [!provide]                PROVIDE (UCB0CTLW1_H = 0x543)
                [!provide]                PROVIDE (UCB0BRW = 0x546)
                [!provide]                PROVIDE (UCB0BRW_L = 0x546)
                [!provide]                PROVIDE (UCB0BRW_H = 0x547)
                [!provide]                PROVIDE (UCB0STATW = 0x548)
                [!provide]                PROVIDE (UCB0STATW_L = 0x548)
                [!provide]                PROVIDE (UCB0STATW_H = 0x549)
                [!provide]                PROVIDE (UCB0TBCNT = 0x54a)
                [!provide]                PROVIDE (UCB0TBCNT_L = 0x54a)
                [!provide]                PROVIDE (UCB0TBCNT_H = 0x54b)
                [!provide]                PROVIDE (UCB0RXBUF = 0x54c)
                [!provide]                PROVIDE (UCB0RXBUF_L = 0x54c)
                [!provide]                PROVIDE (UCB0RXBUF_H = 0x54d)
                [!provide]                PROVIDE (UCB0TXBUF = 0x54e)
                [!provide]                PROVIDE (UCB0TXBUF_L = 0x54e)
                [!provide]                PROVIDE (UCB0TXBUF_H = 0x54f)
                [!provide]                PROVIDE (UCB0I2COA0 = 0x554)
                [!provide]                PROVIDE (UCB0I2COA0_L = 0x554)
                [!provide]                PROVIDE (UCB0I2COA0_H = 0x555)
                [!provide]                PROVIDE (UCB0I2COA1 = 0x556)
                [!provide]                PROVIDE (UCB0I2COA1_L = 0x556)
                [!provide]                PROVIDE (UCB0I2COA1_H = 0x557)
                [!provide]                PROVIDE (UCB0I2COA2 = 0x558)
                [!provide]                PROVIDE (UCB0I2COA2_L = 0x558)
                [!provide]                PROVIDE (UCB0I2COA2_H = 0x559)
                [!provide]                PROVIDE (UCB0I2COA3 = 0x55a)
                [!provide]                PROVIDE (UCB0I2COA3_L = 0x55a)
                [!provide]                PROVIDE (UCB0I2COA3_H = 0x55b)
                [!provide]                PROVIDE (UCB0ADDRX = 0x55c)
                [!provide]                PROVIDE (UCB0ADDRX_L = 0x55c)
                [!provide]                PROVIDE (UCB0ADDRX_H = 0x55d)
                [!provide]                PROVIDE (UCB0ADDMASK = 0x55e)
                [!provide]                PROVIDE (UCB0ADDMASK_L = 0x55e)
                [!provide]                PROVIDE (UCB0ADDMASK_H = 0x55f)
                [!provide]                PROVIDE (UCB0I2CSA = 0x560)
                [!provide]                PROVIDE (UCB0I2CSA_L = 0x560)
                [!provide]                PROVIDE (UCB0I2CSA_H = 0x561)
                [!provide]                PROVIDE (UCB0IE = 0x56a)
                [!provide]                PROVIDE (UCB0IE_L = 0x56a)
                [!provide]                PROVIDE (UCB0IE_H = 0x56b)
                [!provide]                PROVIDE (UCB0IFG = 0x56c)
                [!provide]                PROVIDE (UCB0IFG_L = 0x56c)
                [!provide]                PROVIDE (UCB0IFG_H = 0x56d)
                [!provide]                PROVIDE (UCB0IV = 0x56e)
                [!provide]                PROVIDE (WDTCTL = 0x1cc)
                [!provide]                PROVIDE (WDTCTL_L = 0x1cc)
                [!provide]                PROVIDE (WDTCTL_H = 0x1cd)
LOAD c:/ti/msp430-gcc/bin/../lib/gcc/msp430-elf/9.3.1\libgcc.a
LOAD c:/ti/msp430-gcc/bin/../lib/gcc/msp430-elf/9.3.1/crtend_no_eh.o
LOAD c:/ti/msp430-gcc/bin/../lib/gcc/msp430-elf/9.3.1\libgcc.a
OUTPUT(build\ILI9341_MSP430FR2433_DriverLib_Example.out elf32-msp430)
